<?xml version="1.0" encoding="UTF-8"?>
<TestRun id="8f928245-60f6-4910-828e-8bb969f95376" name="Victor@VITINHO 2014-12-19 08:43:22" runUser="VITINHO\Victor" xmlns="http://microsoft.com/schemas/VisualStudio/TeamTest/2010">
  <TestSettings name="Local" id="96193852-3724-4d8c-b127-a6f7ef7802cb">
    <Description>These are default test settings for a local test run.</Description>
    <Deployment enabled="false" runDeploymentRoot="Victor_VITINHO 2014-12-19 08_43_22">
      <DeploymentItem filename="D:\UFS\Engenharia de Software II\MissM\trunk\Codigo\Data\bin\Debug\Data.dll" />
      <DeploymentItem filename="D:\UFS\Engenharia de Software II\MissM\trunk\Codigo\ViewController\bin\ViewController.dll" />
      <DeploymentItem filename="D:\UFS\Engenharia de Software II\MissM\trunk\Codigo\Model\bin\Debug\Model.dll" />
      <DeploymentItem filename="D:\UFS\Engenharia de Software II\MissM\trunk\Codigo\Service\bin\Debug\Service.dll" />
    </Deployment>
    <Execution>
      <TestTypeSpecific />
      <AgentRule name="Execution Agents">
      </AgentRule>
    </Execution>
  </TestSettings>
  <Times creation="2014-12-19T08:43:22.7817038-03:00" queuing="2014-12-19T08:43:28.4571034-03:00" start="2014-12-19T08:43:28.8993869-03:00" finish="2014-12-19T08:43:36.2996342-03:00" />
  <ResultSummary outcome="Failed">
    <Counters total="22" executed="22" error="0" failed="20" timeout="0" aborted="0" inconclusive="2" passedButRunAborted="0" notRunnable="0" notExecuted="0" disconnected="0" warning="0" passed="0" completed="0" inProgress="0" pending="0" />
  </ResultSummary>
  <TestDefinitions>
    <UnitTest name="ObterTest" storage="d:\ufs\engenharia de software ii\missm\trunk\codigo\services.tests\bin\debug\services.tests.dll" id="40dd120d-c048-bf7e-3d6c-7d0149e955fa">
      <Execution id="c15e1ac1-84f3-4e7d-98b4-d5c2202e5f09" />
      <TestMethod codeBase="D:/UFS/Engenharia de Software II/MissM/trunk/Codigo/Services.Tests/bin/Debug/Services.Tests.DLL" adapterTypeName="Microsoft.VisualStudio.TestTools.TestTypes.Unit.UnitTestAdapter, Microsoft.VisualStudio.QualityTools.Tips.UnitTest.Adapter, Version=10.0.0.0, Culture=neutral, PublicKeyToken=b03f5f7f11d50a3a" className="Service.Tests.GerenciadorServicoTest, Services.Tests, Version=1.0.0.0, Culture=neutral, PublicKeyToken=null" name="ObterTest" />
    </UnitTest>
    <UnitTest name="ObterTodosTest" storage="d:\ufs\engenharia de software ii\missm\trunk\codigo\services.tests\bin\debug\services.tests.dll" id="1c0cedb0-b25f-b662-abf8-81401b6f7a39">
      <Execution id="01f8f3b7-6c07-4673-a0f2-2a870a6209e7" />
      <TestMethod codeBase="D:/UFS/Engenharia de Software II/MissM/trunk/Codigo/Services.Tests/bin/Debug/Services.Tests.DLL" adapterTypeName="Microsoft.VisualStudio.TestTools.TestTypes.Unit.UnitTestAdapter, Microsoft.VisualStudio.QualityTools.Tips.UnitTest.Adapter, Version=10.0.0.0, Culture=neutral, PublicKeyToken=b03f5f7f11d50a3a" className="Service.Tests.GerenciadorServicoTest, Services.Tests, Version=1.0.0.0, Culture=neutral, PublicKeyToken=null" name="ObterTodosTest" />
    </UnitTest>
    <UnitTest name="EditarTest" storage="d:\ufs\engenharia de software ii\missm\trunk\codigo\services.tests\bin\debug\services.tests.dll" id="48e92823-1461-8e4e-954f-e68269b18dc5">
      <Execution id="8dddb29c-fa4b-40b9-b0c0-7bde4467401c" />
      <TestMethod codeBase="D:/UFS/Engenharia de Software II/MissM/trunk/Codigo/Services.Tests/bin/Debug/Services.Tests.DLL" adapterTypeName="Microsoft.VisualStudio.TestTools.TestTypes.Unit.UnitTestAdapter, Microsoft.VisualStudio.QualityTools.Tips.UnitTest.Adapter, Version=10.0.0.0, Culture=neutral, PublicKeyToken=b03f5f7f11d50a3a" className="Service.Tests.GerenciadorServicoTest, Services.Tests, Version=1.0.0.0, Culture=neutral, PublicKeyToken=null" name="EditarTest" />
    </UnitTest>
    <UnitTest name="AtribuirTest" storage="d:\ufs\engenharia de software ii\missm\trunk\codigo\services.tests\bin\debug\services.tests.dll" id="465b7fc1-6cde-e84b-2b57-d2173d2b2548">
      <DeploymentItems>
        <DeploymentItem filename="Service.dll" />
      </DeploymentItems>
      <Execution id="00697c69-5f9d-4dd6-bce1-ed9b6ecb4d4a" />
      <TestMethod codeBase="D:/UFS/Engenharia de Software II/MissM/trunk/Codigo/Services.Tests/bin/Debug/Services.Tests.DLL" adapterTypeName="Microsoft.VisualStudio.TestTools.TestTypes.Unit.UnitTestAdapter, Microsoft.VisualStudio.QualityTools.Tips.UnitTest.Adapter, Version=10.0.0.0, Culture=neutral, PublicKeyToken=b03f5f7f11d50a3a" className="Service.Tests.GerenciadorProdutoTest, Services.Tests, Version=1.0.0.0, Culture=neutral, PublicKeyToken=null" name="AtribuirTest" />
    </UnitTest>
    <UnitTest name="GetQueryTest" storage="d:\ufs\engenharia de software ii\missm\trunk\codigo\services.tests\bin\debug\services.tests.dll" id="9bd77c83-f673-c944-e672-4a6b110812a8">
      <DeploymentItems>
        <DeploymentItem filename="Service.dll" />
      </DeploymentItems>
      <Execution id="60ee5f38-05f9-473b-a436-7a04e9200314" />
      <TestMethod codeBase="D:/UFS/Engenharia de Software II/MissM/trunk/Codigo/Services.Tests/bin/Debug/Services.Tests.DLL" adapterTypeName="Microsoft.VisualStudio.TestTools.TestTypes.Unit.UnitTestAdapter, Microsoft.VisualStudio.QualityTools.Tips.UnitTest.Adapter, Version=10.0.0.0, Culture=neutral, PublicKeyToken=b03f5f7f11d50a3a" className="Service.Tests.GerenciadorServicoTest, Services.Tests, Version=1.0.0.0, Culture=neutral, PublicKeyToken=null" name="GetQueryTest" />
    </UnitTest>
    <UnitTest name="ObterPorNomeTest" storage="d:\ufs\engenharia de software ii\missm\trunk\codigo\services.tests\bin\debug\services.tests.dll" id="4c7f2e49-c89e-2bd9-2629-e73757c5113e">
      <Execution id="c7b0193c-61af-4212-b03f-bc3d9928df33" />
      <TestMethod codeBase="D:/UFS/Engenharia de Software II/MissM/trunk/Codigo/Services.Tests/bin/Debug/Services.Tests.DLL" adapterTypeName="Microsoft.VisualStudio.TestTools.TestTypes.Unit.UnitTestAdapter, Microsoft.VisualStudio.QualityTools.Tips.UnitTest.Adapter, Version=10.0.0.0, Culture=neutral, PublicKeyToken=b03f5f7f11d50a3a" className="Service.Tests.GerenciadorProdutoTest, Services.Tests, Version=1.0.0.0, Culture=neutral, PublicKeyToken=null" name="ObterPorNomeTest" />
    </UnitTest>
    <UnitTest name="RemoverTest" storage="d:\ufs\engenharia de software ii\missm\trunk\codigo\services.tests\bin\debug\services.tests.dll" id="500a9f04-13aa-4b28-575d-641e917f823c">
      <Execution id="5f735e4b-dac4-4087-b915-ca1508b11fef" />
      <TestMethod codeBase="D:/UFS/Engenharia de Software II/MissM/trunk/Codigo/Services.Tests/bin/Debug/Services.Tests.DLL" adapterTypeName="Microsoft.VisualStudio.TestTools.TestTypes.Unit.UnitTestAdapter, Microsoft.VisualStudio.QualityTools.Tips.UnitTest.Adapter, Version=10.0.0.0, Culture=neutral, PublicKeyToken=b03f5f7f11d50a3a" className="Service.Tests.GerenciadorProdutoTest, Services.Tests, Version=1.0.0.0, Culture=neutral, PublicKeyToken=null" name="RemoverTest" />
    </UnitTest>
    <UnitTest name="Index" storage="d:\ufs\engenharia de software ii\missm\trunk\codigo\viewcontroller.tests\bin\debug\viewcontroller.tests.dll" id="cc938468-38ce-a080-97b4-cd6adeb2b0a8">
      <Execution id="55c50024-bde6-4fc1-a005-ab65344f79ac" />
      <TestMethod codeBase="D:/UFS/Engenharia de Software II/MissM/trunk/Codigo/ViewController.Tests/bin/Debug/ViewController.Tests.DLL" adapterTypeName="Microsoft.VisualStudio.TestTools.TestTypes.Unit.UnitTestAdapter, Microsoft.VisualStudio.QualityTools.Tips.UnitTest.Adapter, Version=10.0.0.0, Culture=neutral, PublicKeyToken=b03f5f7f11d50a3a" className="ViewController.Tests.Controllers.HomeControllerTest, ViewController.Tests, Version=1.0.0.0, Culture=neutral, PublicKeyToken=null" name="Index" />
    </UnitTest>
    <UnitTest name="GerenciadorProdutoConstructorTest" storage="d:\ufs\engenharia de software ii\missm\trunk\codigo\services.tests\bin\debug\services.tests.dll" id="bab09768-4886-305d-3ed3-45c54daee332">
      <Execution id="6690258a-d32d-4b46-a1e5-d42f73a3d9cd" />
      <TestMethod codeBase="D:/UFS/Engenharia de Software II/MissM/trunk/Codigo/Services.Tests/bin/Debug/Services.Tests.DLL" adapterTypeName="Microsoft.VisualStudio.TestTools.TestTypes.Unit.UnitTestAdapter, Microsoft.VisualStudio.QualityTools.Tips.UnitTest.Adapter, Version=10.0.0.0, Culture=neutral, PublicKeyToken=b03f5f7f11d50a3a" className="Service.Tests.GerenciadorProdutoTest, Services.Tests, Version=1.0.0.0, Culture=neutral, PublicKeyToken=null" name="GerenciadorProdutoConstructorTest" />
    </UnitTest>
    <UnitTest name="InserirTest" storage="d:\ufs\engenharia de software ii\missm\trunk\codigo\services.tests\bin\debug\services.tests.dll" id="b21441f7-6dc5-cada-ca28-10cd2dc8eb87">
      <Execution id="93908edc-1e92-4d0e-89d8-4f9d825d94aa" />
      <TestMethod codeBase="D:/UFS/Engenharia de Software II/MissM/trunk/Codigo/Services.Tests/bin/Debug/Services.Tests.DLL" adapterTypeName="Microsoft.VisualStudio.TestTools.TestTypes.Unit.UnitTestAdapter, Microsoft.VisualStudio.QualityTools.Tips.UnitTest.Adapter, Version=10.0.0.0, Culture=neutral, PublicKeyToken=b03f5f7f11d50a3a" className="Service.Tests.GerenciadorServicoTest, Services.Tests, Version=1.0.0.0, Culture=neutral, PublicKeyToken=null" name="InserirTest" />
    </UnitTest>
    <UnitTest name="GerenciadorServicoConstructorTest" storage="d:\ufs\engenharia de software ii\missm\trunk\codigo\services.tests\bin\debug\services.tests.dll" id="94ce936f-c6a8-2a58-a405-c63927d52b05">
      <Execution id="34914a4c-ab33-479d-a129-1b291bd31bfc" />
      <TestMethod codeBase="D:/UFS/Engenharia de Software II/MissM/trunk/Codigo/Services.Tests/bin/Debug/Services.Tests.DLL" adapterTypeName="Microsoft.VisualStudio.TestTools.TestTypes.Unit.UnitTestAdapter, Microsoft.VisualStudio.QualityTools.Tips.UnitTest.Adapter, Version=10.0.0.0, Culture=neutral, PublicKeyToken=b03f5f7f11d50a3a" className="Service.Tests.GerenciadorServicoTest, Services.Tests, Version=1.0.0.0, Culture=neutral, PublicKeyToken=null" name="GerenciadorServicoConstructorTest" />
    </UnitTest>
    <UnitTest name="ObterPorNomeTest" storage="d:\ufs\engenharia de software ii\missm\trunk\codigo\services.tests\bin\debug\services.tests.dll" id="c1657d03-d2ed-cd66-fadb-dad2bf17dc0a">
      <Execution id="aaf659a9-f369-4f33-9691-081f2df87102" />
      <TestMethod codeBase="D:/UFS/Engenharia de Software II/MissM/trunk/Codigo/Services.Tests/bin/Debug/Services.Tests.DLL" adapterTypeName="Microsoft.VisualStudio.TestTools.TestTypes.Unit.UnitTestAdapter, Microsoft.VisualStudio.QualityTools.Tips.UnitTest.Adapter, Version=10.0.0.0, Culture=neutral, PublicKeyToken=b03f5f7f11d50a3a" className="Service.Tests.GerenciadorServicoTest, Services.Tests, Version=1.0.0.0, Culture=neutral, PublicKeyToken=null" name="ObterPorNomeTest" />
    </UnitTest>
    <UnitTest name="ObterTest" storage="d:\ufs\engenharia de software ii\missm\trunk\codigo\services.tests\bin\debug\services.tests.dll" id="69daa0d8-709d-0ebb-4eaa-3a27cfa50f42">
      <Execution id="4cf355ee-370a-4bed-9226-940b6f53d88c" />
      <TestMethod codeBase="D:/UFS/Engenharia de Software II/MissM/trunk/Codigo/Services.Tests/bin/Debug/Services.Tests.DLL" adapterTypeName="Microsoft.VisualStudio.TestTools.TestTypes.Unit.UnitTestAdapter, Microsoft.VisualStudio.QualityTools.Tips.UnitTest.Adapter, Version=10.0.0.0, Culture=neutral, PublicKeyToken=b03f5f7f11d50a3a" className="Service.Tests.GerenciadorProdutoTest, Services.Tests, Version=1.0.0.0, Culture=neutral, PublicKeyToken=null" name="ObterTest" />
    </UnitTest>
    <UnitTest name="GetQueryTest" storage="d:\ufs\engenharia de software ii\missm\trunk\codigo\services.tests\bin\debug\services.tests.dll" id="d5e92530-d3c6-3c20-47a0-d966671a14f1">
      <DeploymentItems>
        <DeploymentItem filename="Service.dll" />
      </DeploymentItems>
      <Execution id="fe90f37d-7d65-47a1-8fc9-de976354af03" />
      <TestMethod codeBase="D:/UFS/Engenharia de Software II/MissM/trunk/Codigo/Services.Tests/bin/Debug/Services.Tests.DLL" adapterTypeName="Microsoft.VisualStudio.TestTools.TestTypes.Unit.UnitTestAdapter, Microsoft.VisualStudio.QualityTools.Tips.UnitTest.Adapter, Version=10.0.0.0, Culture=neutral, PublicKeyToken=b03f5f7f11d50a3a" className="Service.Tests.GerenciadorProdutoTest, Services.Tests, Version=1.0.0.0, Culture=neutral, PublicKeyToken=null" name="GetQueryTest" />
    </UnitTest>
    <UnitTest name="GerenciadorServicoConstructorTest1" storage="d:\ufs\engenharia de software ii\missm\trunk\codigo\services.tests\bin\debug\services.tests.dll" id="440e785a-d733-fd14-7f2b-465fa3d09a7f">
      <Execution id="8ae51fe9-4a2b-4e1e-a908-d6fc4a16249d" />
      <TestMethod codeBase="D:/UFS/Engenharia de Software II/MissM/trunk/Codigo/Services.Tests/bin/Debug/Services.Tests.DLL" adapterTypeName="Microsoft.VisualStudio.TestTools.TestTypes.Unit.UnitTestAdapter, Microsoft.VisualStudio.QualityTools.Tips.UnitTest.Adapter, Version=10.0.0.0, Culture=neutral, PublicKeyToken=b03f5f7f11d50a3a" className="Service.Tests.GerenciadorServicoTest, Services.Tests, Version=1.0.0.0, Culture=neutral, PublicKeyToken=null" name="GerenciadorServicoConstructorTest1" />
    </UnitTest>
    <UnitTest name="RemoverTest" storage="d:\ufs\engenharia de software ii\missm\trunk\codigo\services.tests\bin\debug\services.tests.dll" id="29bf1b9a-3524-8b52-f5a7-92dd47bc6703">
      <Execution id="cce4885e-ebd0-416c-91c4-8ac6a11a62e7" />
      <TestMethod codeBase="D:/UFS/Engenharia de Software II/MissM/trunk/Codigo/Services.Tests/bin/Debug/Services.Tests.DLL" adapterTypeName="Microsoft.VisualStudio.TestTools.TestTypes.Unit.UnitTestAdapter, Microsoft.VisualStudio.QualityTools.Tips.UnitTest.Adapter, Version=10.0.0.0, Culture=neutral, PublicKeyToken=b03f5f7f11d50a3a" className="Service.Tests.GerenciadorServicoTest, Services.Tests, Version=1.0.0.0, Culture=neutral, PublicKeyToken=null" name="RemoverTest" />
    </UnitTest>
    <UnitTest name="EditarTest" storage="d:\ufs\engenharia de software ii\missm\trunk\codigo\services.tests\bin\debug\services.tests.dll" id="8c400a26-78d6-a313-ac1d-6ffd8110a49e">
      <Execution id="fc3440c6-cba3-446a-86bb-61d439d2da8a" />
      <TestMethod codeBase="D:/UFS/Engenharia de Software II/MissM/trunk/Codigo/Services.Tests/bin/Debug/Services.Tests.DLL" adapterTypeName="Microsoft.VisualStudio.TestTools.TestTypes.Unit.UnitTestAdapter, Microsoft.VisualStudio.QualityTools.Tips.UnitTest.Adapter, Version=10.0.0.0, Culture=neutral, PublicKeyToken=b03f5f7f11d50a3a" className="Service.Tests.GerenciadorProdutoTest, Services.Tests, Version=1.0.0.0, Culture=neutral, PublicKeyToken=null" name="EditarTest" />
    </UnitTest>
    <UnitTest name="AtribuirTest" storage="d:\ufs\engenharia de software ii\missm\trunk\codigo\services.tests\bin\debug\services.tests.dll" id="54ee6105-608b-7741-5396-fb3ef574f20c">
      <DeploymentItems>
        <DeploymentItem filename="Service.dll" />
      </DeploymentItems>
      <Execution id="05144381-2d0e-410f-bf22-8f303e974b6c" />
      <TestMethod codeBase="D:/UFS/Engenharia de Software II/MissM/trunk/Codigo/Services.Tests/bin/Debug/Services.Tests.DLL" adapterTypeName="Microsoft.VisualStudio.TestTools.TestTypes.Unit.UnitTestAdapter, Microsoft.VisualStudio.QualityTools.Tips.UnitTest.Adapter, Version=10.0.0.0, Culture=neutral, PublicKeyToken=b03f5f7f11d50a3a" className="Service.Tests.GerenciadorServicoTest, Services.Tests, Version=1.0.0.0, Culture=neutral, PublicKeyToken=null" name="AtribuirTest" />
    </UnitTest>
    <UnitTest name="InserirTest" storage="d:\ufs\engenharia de software ii\missm\trunk\codigo\services.tests\bin\debug\services.tests.dll" id="b38a60a2-19c3-6bf0-2921-9bfbb4141b3c">
      <Execution id="c655aede-9d53-47f1-a900-a4c7ea4b3918" />
      <TestMethod codeBase="D:/UFS/Engenharia de Software II/MissM/trunk/Codigo/Services.Tests/bin/Debug/Services.Tests.DLL" adapterTypeName="Microsoft.VisualStudio.TestTools.TestTypes.Unit.UnitTestAdapter, Microsoft.VisualStudio.QualityTools.Tips.UnitTest.Adapter, Version=10.0.0.0, Culture=neutral, PublicKeyToken=b03f5f7f11d50a3a" className="Service.Tests.GerenciadorProdutoTest, Services.Tests, Version=1.0.0.0, Culture=neutral, PublicKeyToken=null" name="InserirTest" />
    </UnitTest>
    <UnitTest name="GerenciadorProdutoConstructorTest1" storage="d:\ufs\engenharia de software ii\missm\trunk\codigo\services.tests\bin\debug\services.tests.dll" id="7a1cff3c-6241-4f0f-0b7c-de72fa90cc87">
      <Execution id="15acaa5e-ee71-4ebe-866a-18745cee58d4" />
      <TestMethod codeBase="D:/UFS/Engenharia de Software II/MissM/trunk/Codigo/Services.Tests/bin/Debug/Services.Tests.DLL" adapterTypeName="Microsoft.VisualStudio.TestTools.TestTypes.Unit.UnitTestAdapter, Microsoft.VisualStudio.QualityTools.Tips.UnitTest.Adapter, Version=10.0.0.0, Culture=neutral, PublicKeyToken=b03f5f7f11d50a3a" className="Service.Tests.GerenciadorProdutoTest, Services.Tests, Version=1.0.0.0, Culture=neutral, PublicKeyToken=null" name="GerenciadorProdutoConstructorTest1" />
    </UnitTest>
    <UnitTest name="About" storage="d:\ufs\engenharia de software ii\missm\trunk\codigo\viewcontroller.tests\bin\debug\viewcontroller.tests.dll" id="1c7fc02c-8ab6-e2ed-f84c-dbbf4d0637c4">
      <Execution id="75a2deee-7504-428f-9434-7ff03136b995" />
      <TestMethod codeBase="D:/UFS/Engenharia de Software II/MissM/trunk/Codigo/ViewController.Tests/bin/Debug/ViewController.Tests.DLL" adapterTypeName="Microsoft.VisualStudio.TestTools.TestTypes.Unit.UnitTestAdapter, Microsoft.VisualStudio.QualityTools.Tips.UnitTest.Adapter, Version=10.0.0.0, Culture=neutral, PublicKeyToken=b03f5f7f11d50a3a" className="ViewController.Tests.Controllers.HomeControllerTest, ViewController.Tests, Version=1.0.0.0, Culture=neutral, PublicKeyToken=null" name="About" />
    </UnitTest>
    <UnitTest name="ObterTodosTest" storage="d:\ufs\engenharia de software ii\missm\trunk\codigo\services.tests\bin\debug\services.tests.dll" id="2f4c3ef4-ced1-912c-0359-9434f920ee35">
      <Execution id="472f39fe-bf5b-4f4a-a122-c4c193d42e8d" />
      <TestMethod codeBase="D:/UFS/Engenharia de Software II/MissM/trunk/Codigo/Services.Tests/bin/Debug/Services.Tests.DLL" adapterTypeName="Microsoft.VisualStudio.TestTools.TestTypes.Unit.UnitTestAdapter, Microsoft.VisualStudio.QualityTools.Tips.UnitTest.Adapter, Version=10.0.0.0, Culture=neutral, PublicKeyToken=b03f5f7f11d50a3a" className="Service.Tests.GerenciadorProdutoTest, Services.Tests, Version=1.0.0.0, Culture=neutral, PublicKeyToken=null" name="ObterTodosTest" />
    </UnitTest>
  </TestDefinitions>
  <TestLists>
    <TestList name="Results Not in a List" id="8c84fa94-04c1-424b-9868-57a2d4851a1d" />
    <TestList name="All Loaded Results" id="19431567-8539-422a-85d7-44ee4e166bda" />
  </TestLists>
  <TestEntries>
    <TestEntry testId="1c0cedb0-b25f-b662-abf8-81401b6f7a39" executionId="01f8f3b7-6c07-4673-a0f2-2a870a6209e7" testListId="8c84fa94-04c1-424b-9868-57a2d4851a1d" />
    <TestEntry testId="1c7fc02c-8ab6-e2ed-f84c-dbbf4d0637c4" executionId="75a2deee-7504-428f-9434-7ff03136b995" testListId="8c84fa94-04c1-424b-9868-57a2d4851a1d" />
    <TestEntry testId="29bf1b9a-3524-8b52-f5a7-92dd47bc6703" executionId="cce4885e-ebd0-416c-91c4-8ac6a11a62e7" testListId="8c84fa94-04c1-424b-9868-57a2d4851a1d" />
    <TestEntry testId="2f4c3ef4-ced1-912c-0359-9434f920ee35" executionId="472f39fe-bf5b-4f4a-a122-c4c193d42e8d" testListId="8c84fa94-04c1-424b-9868-57a2d4851a1d" />
    <TestEntry testId="40dd120d-c048-bf7e-3d6c-7d0149e955fa" executionId="c15e1ac1-84f3-4e7d-98b4-d5c2202e5f09" testListId="8c84fa94-04c1-424b-9868-57a2d4851a1d" />
    <TestEntry testId="440e785a-d733-fd14-7f2b-465fa3d09a7f" executionId="8ae51fe9-4a2b-4e1e-a908-d6fc4a16249d" testListId="8c84fa94-04c1-424b-9868-57a2d4851a1d" />
    <TestEntry testId="465b7fc1-6cde-e84b-2b57-d2173d2b2548" executionId="00697c69-5f9d-4dd6-bce1-ed9b6ecb4d4a" testListId="8c84fa94-04c1-424b-9868-57a2d4851a1d" />
    <TestEntry testId="48e92823-1461-8e4e-954f-e68269b18dc5" executionId="8dddb29c-fa4b-40b9-b0c0-7bde4467401c" testListId="8c84fa94-04c1-424b-9868-57a2d4851a1d" />
    <TestEntry testId="4c7f2e49-c89e-2bd9-2629-e73757c5113e" executionId="c7b0193c-61af-4212-b03f-bc3d9928df33" testListId="8c84fa94-04c1-424b-9868-57a2d4851a1d" />
    <TestEntry testId="500a9f04-13aa-4b28-575d-641e917f823c" executionId="5f735e4b-dac4-4087-b915-ca1508b11fef" testListId="8c84fa94-04c1-424b-9868-57a2d4851a1d" />
    <TestEntry testId="54ee6105-608b-7741-5396-fb3ef574f20c" executionId="05144381-2d0e-410f-bf22-8f303e974b6c" testListId="8c84fa94-04c1-424b-9868-57a2d4851a1d" />
    <TestEntry testId="69daa0d8-709d-0ebb-4eaa-3a27cfa50f42" executionId="4cf355ee-370a-4bed-9226-940b6f53d88c" testListId="8c84fa94-04c1-424b-9868-57a2d4851a1d" />
    <TestEntry testId="7a1cff3c-6241-4f0f-0b7c-de72fa90cc87" executionId="15acaa5e-ee71-4ebe-866a-18745cee58d4" testListId="8c84fa94-04c1-424b-9868-57a2d4851a1d" />
    <TestEntry testId="8c400a26-78d6-a313-ac1d-6ffd8110a49e" executionId="fc3440c6-cba3-446a-86bb-61d439d2da8a" testListId="8c84fa94-04c1-424b-9868-57a2d4851a1d" />
    <TestEntry testId="94ce936f-c6a8-2a58-a405-c63927d52b05" executionId="34914a4c-ab33-479d-a129-1b291bd31bfc" testListId="8c84fa94-04c1-424b-9868-57a2d4851a1d" />
    <TestEntry testId="9bd77c83-f673-c944-e672-4a6b110812a8" executionId="60ee5f38-05f9-473b-a436-7a04e9200314" testListId="8c84fa94-04c1-424b-9868-57a2d4851a1d" />
    <TestEntry testId="b21441f7-6dc5-cada-ca28-10cd2dc8eb87" executionId="93908edc-1e92-4d0e-89d8-4f9d825d94aa" testListId="8c84fa94-04c1-424b-9868-57a2d4851a1d" />
    <TestEntry testId="b38a60a2-19c3-6bf0-2921-9bfbb4141b3c" executionId="c655aede-9d53-47f1-a900-a4c7ea4b3918" testListId="8c84fa94-04c1-424b-9868-57a2d4851a1d" />
    <TestEntry testId="bab09768-4886-305d-3ed3-45c54daee332" executionId="6690258a-d32d-4b46-a1e5-d42f73a3d9cd" testListId="8c84fa94-04c1-424b-9868-57a2d4851a1d" />
    <TestEntry testId="c1657d03-d2ed-cd66-fadb-dad2bf17dc0a" executionId="aaf659a9-f369-4f33-9691-081f2df87102" testListId="8c84fa94-04c1-424b-9868-57a2d4851a1d" />
    <TestEntry testId="cc938468-38ce-a080-97b4-cd6adeb2b0a8" executionId="55c50024-bde6-4fc1-a005-ab65344f79ac" testListId="8c84fa94-04c1-424b-9868-57a2d4851a1d" />
    <TestEntry testId="d5e92530-d3c6-3c20-47a0-d966671a14f1" executionId="fe90f37d-7d65-47a1-8fc9-de976354af03" testListId="8c84fa94-04c1-424b-9868-57a2d4851a1d" />
  </TestEntries>
  <Results>
    <UnitTestResult executionId="01f8f3b7-6c07-4673-a0f2-2a870a6209e7" testId="1c0cedb0-b25f-b662-abf8-81401b6f7a39" testName="ObterTodosTest" computerName="VITINHO" duration="00:00:02.1907940" startTime="2014-12-19T08:43:29.2386134-03:00" endTime="2014-12-19T08:43:32.8413415-03:00" testType="13cdc9d9-ddb5-4fa4-a97d-d965ccfc6d4b" outcome="Failed" testListId="8c84fa94-04c1-424b-9868-57a2d4851a1d" relativeResultsDirectory="01f8f3b7-6c07-4673-a0f2-2a870a6209e7">
      <Output>
        <ErrorInfo>
          <Message>Test method Service.Tests.GerenciadorServicoTest.ObterTodosTest threw exception: 
System.ArgumentException: A conexão nomeada especificada não foi localizada na configuração, não se destina à utilização com o provedor EntityClient ou não é válida.</Message>
          <StackTrace>    em System.Data.EntityClient.EntityConnection.ChangeConnectionString(String newConnectionString)
   em System.Data.EntityClient.EntityConnection..ctor(String connectionString)
   em System.Data.Objects.ObjectContext.CreateEntityConnection(String connectionString)
   em System.Data.Objects.ObjectContext..ctor(String connectionString, String defaultContainerName)
   em Model.missmfotografiaEntities..ctor() na D:\UFS\Engenharia de Software II\MissM\trunk\Codigo\Model\ModelMissMFotografia.Designer.cs:linha 53
   em Data.UnitOfWork..ctor() na D:\UFS\Engenharia de Software II\MissM\trunk\Codigo\Data\UnitOfWork.cs:linha 32
   em Service.GerenciadorServico..ctor() na D:\UFS\Engenharia de Software II\MissM\trunk\Codigo\Service\GerenciadorServico.cs:linha 22
   em Service.Tests.GerenciadorServicoTest.ObterTodosTest() na D:\UFS\Engenharia de Software II\MissM\trunk\Codigo\Services.Tests\GerenciadorServicoTest.cs:linha 208
</StackTrace>
        </ErrorInfo>
      </Output>
    </UnitTestResult>
    <UnitTestResult executionId="75a2deee-7504-428f-9434-7ff03136b995" testId="1c7fc02c-8ab6-e2ed-f84c-dbbf4d0637c4" testName="About" computerName="VITINHO" duration="00:00:01.3568993" startTime="2014-12-19T08:43:32.8443266-03:00" endTime="2014-12-19T08:43:34.7816201-03:00" testType="13cdc9d9-ddb5-4fa4-a97d-d965ccfc6d4b" outcome="Failed" testListId="8c84fa94-04c1-424b-9868-57a2d4851a1d" relativeResultsDirectory="75a2deee-7504-428f-9434-7ff03136b995">
      <Output>
        <ErrorInfo>
          <Message>Assert.IsNotNull failed. </Message>
          <StackTrace>   em ViewController.Tests.Controllers.HomeControllerTest.About() na D:\UFS\Engenharia de Software II\MissM\trunk\Codigo\ViewController.Tests\Controllers\HomeControllerTest.cs:linha 38
</StackTrace>
        </ErrorInfo>
      </Output>
    </UnitTestResult>
    <UnitTestResult executionId="cce4885e-ebd0-416c-91c4-8ac6a11a62e7" testId="29bf1b9a-3524-8b52-f5a7-92dd47bc6703" testName="RemoverTest" computerName="VITINHO" duration="00:00:00.0214692" startTime="2014-12-19T08:43:34.7836214-03:00" endTime="2014-12-19T08:43:34.8146437-03:00" testType="13cdc9d9-ddb5-4fa4-a97d-d965ccfc6d4b" outcome="Failed" testListId="8c84fa94-04c1-424b-9868-57a2d4851a1d" relativeResultsDirectory="cce4885e-ebd0-416c-91c4-8ac6a11a62e7">
      <Output>
        <ErrorInfo>
          <Message>Test method Service.Tests.GerenciadorServicoTest.RemoverTest threw exception: 
System.ArgumentException: A conexão nomeada especificada não foi localizada na configuração, não se destina à utilização com o provedor EntityClient ou não é válida.</Message>
          <StackTrace>    em System.Data.EntityClient.EntityConnection.ChangeConnectionString(String newConnectionString)
   em System.Data.EntityClient.EntityConnection..ctor(String connectionString)
   em System.Data.Objects.ObjectContext.CreateEntityConnection(String connectionString)
   em System.Data.Objects.ObjectContext..ctor(String connectionString, String defaultContainerName)
   em Model.missmfotografiaEntities..ctor() na D:\UFS\Engenharia de Software II\MissM\trunk\Codigo\Model\ModelMissMFotografia.Designer.cs:linha 53
   em Data.UnitOfWork..ctor() na D:\UFS\Engenharia de Software II\MissM\trunk\Codigo\Data\UnitOfWork.cs:linha 32
   em Service.GerenciadorServico..ctor() na D:\UFS\Engenharia de Software II\MissM\trunk\Codigo\Service\GerenciadorServico.cs:linha 22
   em Service.Tests.GerenciadorServicoTest.RemoverTest() na D:\UFS\Engenharia de Software II\MissM\trunk\Codigo\Services.Tests\GerenciadorServicoTest.cs:linha 222
</StackTrace>
        </ErrorInfo>
      </Output>
    </UnitTestResult>
    <UnitTestResult executionId="472f39fe-bf5b-4f4a-a122-c4c193d42e8d" testId="2f4c3ef4-ced1-912c-0359-9434f920ee35" testName="ObterTodosTest" computerName="VITINHO" duration="00:00:00.0255627" startTime="2014-12-19T08:43:34.8186448-03:00" endTime="2014-12-19T08:43:34.8556844-03:00" testType="13cdc9d9-ddb5-4fa4-a97d-d965ccfc6d4b" outcome="Failed" testListId="8c84fa94-04c1-424b-9868-57a2d4851a1d" relativeResultsDirectory="472f39fe-bf5b-4f4a-a122-c4c193d42e8d">
      <Output>
        <ErrorInfo>
          <Message>Test method Service.Tests.GerenciadorProdutoTest.ObterTodosTest threw exception: 
System.ArgumentException: A conexão nomeada especificada não foi localizada na configuração, não se destina à utilização com o provedor EntityClient ou não é válida.</Message>
          <StackTrace>    em System.Data.EntityClient.EntityConnection.ChangeConnectionString(String newConnectionString)
   em System.Data.EntityClient.EntityConnection..ctor(String connectionString)
   em System.Data.Objects.ObjectContext.CreateEntityConnection(String connectionString)
   em System.Data.Objects.ObjectContext..ctor(String connectionString, String defaultContainerName)
   em Model.missmfotografiaEntities..ctor() na D:\UFS\Engenharia de Software II\MissM\trunk\Codigo\Model\ModelMissMFotografia.Designer.cs:linha 53
   em Data.UnitOfWork..ctor() na D:\UFS\Engenharia de Software II\MissM\trunk\Codigo\Data\UnitOfWork.cs:linha 32
   em Service.GerenciadorProduto..ctor() na D:\UFS\Engenharia de Software II\MissM\trunk\Codigo\Service\GerenciadorProduto.cs:linha 23
   em Service.Tests.GerenciadorProdutoTest.ObterTodosTest() na D:\UFS\Engenharia de Software II\MissM\trunk\Codigo\Services.Tests\GerenciadorProdutoTest.cs:linha 208
</StackTrace>
        </ErrorInfo>
      </Output>
    </UnitTestResult>
    <UnitTestResult executionId="c15e1ac1-84f3-4e7d-98b4-d5c2202e5f09" testId="40dd120d-c048-bf7e-3d6c-7d0149e955fa" testName="ObterTest" computerName="VITINHO" duration="00:00:00.0091312" startTime="2014-12-19T08:43:34.8576801-03:00" endTime="2014-12-19T08:43:34.8736821-03:00" testType="13cdc9d9-ddb5-4fa4-a97d-d965ccfc6d4b" outcome="Failed" testListId="8c84fa94-04c1-424b-9868-57a2d4851a1d" relativeResultsDirectory="c15e1ac1-84f3-4e7d-98b4-d5c2202e5f09">
      <Output>
        <ErrorInfo>
          <Message>Test method Service.Tests.GerenciadorServicoTest.ObterTest threw exception: 
System.ArgumentException: A conexão nomeada especificada não foi localizada na configuração, não se destina à utilização com o provedor EntityClient ou não é válida.</Message>
          <StackTrace>    em System.Data.EntityClient.EntityConnection.ChangeConnectionString(String newConnectionString)
   em System.Data.EntityClient.EntityConnection..ctor(String connectionString)
   em System.Data.Objects.ObjectContext.CreateEntityConnection(String connectionString)
   em System.Data.Objects.ObjectContext..ctor(String connectionString, String defaultContainerName)
   em Model.missmfotografiaEntities..ctor() na D:\UFS\Engenharia de Software II\MissM\trunk\Codigo\Model\ModelMissMFotografia.Designer.cs:linha 53
   em Data.UnitOfWork..ctor() na D:\UFS\Engenharia de Software II\MissM\trunk\Codigo\Data\UnitOfWork.cs:linha 32
   em Service.GerenciadorServico..ctor() na D:\UFS\Engenharia de Software II\MissM\trunk\Codigo\Service\GerenciadorServico.cs:linha 22
   em Service.Tests.GerenciadorServicoTest.ObterTest() na D:\UFS\Engenharia de Software II\MissM\trunk\Codigo\Services.Tests\GerenciadorServicoTest.cs:linha 178
</StackTrace>
        </ErrorInfo>
      </Output>
    </UnitTestResult>
    <UnitTestResult executionId="8ae51fe9-4a2b-4e1e-a908-d6fc4a16249d" testId="440e785a-d733-fd14-7f2b-465fa3d09a7f" testName="GerenciadorServicoConstructorTest1" computerName="VITINHO" duration="00:00:00.0062113" startTime="2014-12-19T08:43:34.8756829-03:00" endTime="2014-12-19T08:43:34.8876909-03:00" testType="13cdc9d9-ddb5-4fa4-a97d-d965ccfc6d4b" outcome="Failed" testListId="8c84fa94-04c1-424b-9868-57a2d4851a1d" relativeResultsDirectory="8ae51fe9-4a2b-4e1e-a908-d6fc4a16249d">
      <Output>
        <ErrorInfo>
          <Message>Test method Service.Tests.GerenciadorServicoTest.GerenciadorServicoConstructorTest1 threw exception: 
System.ArgumentException: A conexão nomeada especificada não foi localizada na configuração, não se destina à utilização com o provedor EntityClient ou não é válida.</Message>
          <StackTrace>    em System.Data.EntityClient.EntityConnection.ChangeConnectionString(String newConnectionString)
   em System.Data.EntityClient.EntityConnection..ctor(String connectionString)
   em System.Data.Objects.ObjectContext.CreateEntityConnection(String connectionString)
   em System.Data.Objects.ObjectContext..ctor(String connectionString, String defaultContainerName)
   em Model.missmfotografiaEntities..ctor() na D:\UFS\Engenharia de Software II\MissM\trunk\Codigo\Model\ModelMissMFotografia.Designer.cs:linha 53
   em Data.UnitOfWork..ctor() na D:\UFS\Engenharia de Software II\MissM\trunk\Codigo\Data\UnitOfWork.cs:linha 32
   em Service.GerenciadorServico..ctor() na D:\UFS\Engenharia de Software II\MissM\trunk\Codigo\Service\GerenciadorServico.cs:linha 22
   em Service.Tests.GerenciadorServicoTest.GerenciadorServicoConstructorTest1() na D:\UFS\Engenharia de Software II\MissM\trunk\Codigo\Services.Tests\GerenciadorServicoTest.cs:linha 89
</StackTrace>
        </ErrorInfo>
      </Output>
    </UnitTestResult>
    <UnitTestResult executionId="00697c69-5f9d-4dd6-bce1-ed9b6ecb4d4a" testId="465b7fc1-6cde-e84b-2b57-d2173d2b2548" testName="AtribuirTest" computerName="VITINHO" duration="00:00:00.6065454" startTime="2014-12-19T08:43:34.8896984-03:00" endTime="2014-12-19T08:43:35.5041200-03:00" testType="13cdc9d9-ddb5-4fa4-a97d-d965ccfc6d4b" outcome="Failed" testListId="8c84fa94-04c1-424b-9868-57a2d4851a1d" relativeResultsDirectory="00697c69-5f9d-4dd6-bce1-ed9b6ecb4d4a">
      <Output>
        <ErrorInfo>
          <Message>Test method Service.Tests.GerenciadorProdutoTest.AtribuirTest threw exception: 
System.ArgumentException: A conexão nomeada especificada não foi localizada na configuração, não se destina à utilização com o provedor EntityClient ou não é válida.</Message>
          <StackTrace>   em Service.GerenciadorProduto_Accessor..ctor()
   em Service.Tests.GerenciadorProdutoTest.AtribuirTest() na D:\UFS\Engenharia de Software II\MissM\trunk\Codigo\Services.Tests\GerenciadorProdutoTest.cs:linha 100
</StackTrace>
        </ErrorInfo>
      </Output>
    </UnitTestResult>
    <UnitTestResult executionId="8dddb29c-fa4b-40b9-b0c0-7bde4467401c" testId="48e92823-1461-8e4e-954f-e68269b18dc5" testName="EditarTest" computerName="VITINHO" duration="00:00:00.0076127" startTime="2014-12-19T08:43:35.5061044-03:00" endTime="2014-12-19T08:43:35.5201137-03:00" testType="13cdc9d9-ddb5-4fa4-a97d-d965ccfc6d4b" outcome="Failed" testListId="8c84fa94-04c1-424b-9868-57a2d4851a1d" relativeResultsDirectory="8dddb29c-fa4b-40b9-b0c0-7bde4467401c">
      <Output>
        <ErrorInfo>
          <Message>Test method Service.Tests.GerenciadorServicoTest.EditarTest threw exception: 
System.ArgumentException: A conexão nomeada especificada não foi localizada na configuração, não se destina à utilização com o provedor EntityClient ou não é válida.</Message>
          <StackTrace>    em System.Data.EntityClient.EntityConnection.ChangeConnectionString(String newConnectionString)
   em System.Data.EntityClient.EntityConnection..ctor(String connectionString)
   em System.Data.Objects.ObjectContext.CreateEntityConnection(String connectionString)
   em System.Data.Objects.ObjectContext..ctor(String connectionString, String defaultContainerName)
   em Model.missmfotografiaEntities..ctor() na D:\UFS\Engenharia de Software II\MissM\trunk\Codigo\Model\ModelMissMFotografia.Designer.cs:linha 53
   em Data.UnitOfWork..ctor() na D:\UFS\Engenharia de Software II\MissM\trunk\Codigo\Data\UnitOfWork.cs:linha 32
   em Service.GerenciadorServico..ctor() na D:\UFS\Engenharia de Software II\MissM\trunk\Codigo\Service\GerenciadorServico.cs:linha 22
   em Service.Tests.GerenciadorServicoTest.EditarTest() na D:\UFS\Engenharia de Software II\MissM\trunk\Codigo\Services.Tests\GerenciadorServicoTest.cs:linha 113
</StackTrace>
        </ErrorInfo>
      </Output>
    </UnitTestResult>
    <UnitTestResult executionId="c7b0193c-61af-4212-b03f-bc3d9928df33" testId="4c7f2e49-c89e-2bd9-2629-e73757c5113e" testName="ObterPorNomeTest" computerName="VITINHO" duration="00:00:00.0065289" startTime="2014-12-19T08:43:35.5221150-03:00" endTime="2014-12-19T08:43:35.5351391-03:00" testType="13cdc9d9-ddb5-4fa4-a97d-d965ccfc6d4b" outcome="Failed" testListId="8c84fa94-04c1-424b-9868-57a2d4851a1d" relativeResultsDirectory="c7b0193c-61af-4212-b03f-bc3d9928df33">
      <Output>
        <ErrorInfo>
          <Message>Test method Service.Tests.GerenciadorProdutoTest.ObterPorNomeTest threw exception: 
System.ArgumentException: A conexão nomeada especificada não foi localizada na configuração, não se destina à utilização com o provedor EntityClient ou não é válida.</Message>
          <StackTrace>    em System.Data.EntityClient.EntityConnection.ChangeConnectionString(String newConnectionString)
   em System.Data.EntityClient.EntityConnection..ctor(String connectionString)
   em System.Data.Objects.ObjectContext.CreateEntityConnection(String connectionString)
   em System.Data.Objects.ObjectContext..ctor(String connectionString, String defaultContainerName)
   em Model.missmfotografiaEntities..ctor() na D:\UFS\Engenharia de Software II\MissM\trunk\Codigo\Model\ModelMissMFotografia.Designer.cs:linha 53
   em Data.UnitOfWork..ctor() na D:\UFS\Engenharia de Software II\MissM\trunk\Codigo\Data\UnitOfWork.cs:linha 32
   em Service.GerenciadorProduto..ctor() na D:\UFS\Engenharia de Software II\MissM\trunk\Codigo\Service\GerenciadorProduto.cs:linha 23
   em Service.Tests.GerenciadorProdutoTest.ObterPorNomeTest() na D:\UFS\Engenharia de Software II\MissM\trunk\Codigo\Services.Tests\GerenciadorProdutoTest.cs:linha 193
</StackTrace>
        </ErrorInfo>
      </Output>
    </UnitTestResult>
    <UnitTestResult executionId="5f735e4b-dac4-4087-b915-ca1508b11fef" testId="500a9f04-13aa-4b28-575d-641e917f823c" testName="RemoverTest" computerName="VITINHO" duration="00:00:00.0063278" startTime="2014-12-19T08:43:35.5361239-03:00" endTime="2014-12-19T08:43:35.5491408-03:00" testType="13cdc9d9-ddb5-4fa4-a97d-d965ccfc6d4b" outcome="Failed" testListId="8c84fa94-04c1-424b-9868-57a2d4851a1d" relativeResultsDirectory="5f735e4b-dac4-4087-b915-ca1508b11fef">
      <Output>
        <ErrorInfo>
          <Message>Test method Service.Tests.GerenciadorProdutoTest.RemoverTest threw exception: 
System.ArgumentException: A conexão nomeada especificada não foi localizada na configuração, não se destina à utilização com o provedor EntityClient ou não é válida.</Message>
          <StackTrace>    em System.Data.EntityClient.EntityConnection.ChangeConnectionString(String newConnectionString)
   em System.Data.EntityClient.EntityConnection..ctor(String connectionString)
   em System.Data.Objects.ObjectContext.CreateEntityConnection(String connectionString)
   em System.Data.Objects.ObjectContext..ctor(String connectionString, String defaultContainerName)
   em Model.missmfotografiaEntities..ctor() na D:\UFS\Engenharia de Software II\MissM\trunk\Codigo\Model\ModelMissMFotografia.Designer.cs:linha 53
   em Data.UnitOfWork..ctor() na D:\UFS\Engenharia de Software II\MissM\trunk\Codigo\Data\UnitOfWork.cs:linha 32
   em Service.GerenciadorProduto..ctor() na D:\UFS\Engenharia de Software II\MissM\trunk\Codigo\Service\GerenciadorProduto.cs:linha 23
   em Service.Tests.GerenciadorProdutoTest.RemoverTest() na D:\UFS\Engenharia de Software II\MissM\trunk\Codigo\Services.Tests\GerenciadorProdutoTest.cs:linha 222
</StackTrace>
        </ErrorInfo>
      </Output>
    </UnitTestResult>
    <UnitTestResult executionId="05144381-2d0e-410f-bf22-8f303e974b6c" testId="54ee6105-608b-7741-5396-fb3ef574f20c" testName="AtribuirTest" computerName="VITINHO" duration="00:00:00.0132811" startTime="2014-12-19T08:43:35.5511488-03:00" endTime="2014-12-19T08:43:35.5701620-03:00" testType="13cdc9d9-ddb5-4fa4-a97d-d965ccfc6d4b" outcome="Failed" testListId="8c84fa94-04c1-424b-9868-57a2d4851a1d" relativeResultsDirectory="05144381-2d0e-410f-bf22-8f303e974b6c">
      <Output>
        <ErrorInfo>
          <Message>Test method Service.Tests.GerenciadorServicoTest.AtribuirTest threw exception: 
System.ArgumentException: A conexão nomeada especificada não foi localizada na configuração, não se destina à utilização com o provedor EntityClient ou não é válida.</Message>
          <StackTrace>   em Service.GerenciadorServico_Accessor..ctor()
   em Service.Tests.GerenciadorServicoTest.AtribuirTest() na D:\UFS\Engenharia de Software II\MissM\trunk\Codigo\Services.Tests\GerenciadorServicoTest.cs:linha 100
</StackTrace>
        </ErrorInfo>
      </Output>
    </UnitTestResult>
    <UnitTestResult executionId="4cf355ee-370a-4bed-9226-940b6f53d88c" testId="69daa0d8-709d-0ebb-4eaa-3a27cfa50f42" testName="ObterTest" computerName="VITINHO" duration="00:00:00.0094986" startTime="2014-12-19T08:43:35.5721485-03:00" endTime="2014-12-19T08:43:35.5901666-03:00" testType="13cdc9d9-ddb5-4fa4-a97d-d965ccfc6d4b" outcome="Failed" testListId="8c84fa94-04c1-424b-9868-57a2d4851a1d" relativeResultsDirectory="4cf355ee-370a-4bed-9226-940b6f53d88c">
      <Output>
        <ErrorInfo>
          <Message>Test method Service.Tests.GerenciadorProdutoTest.ObterTest threw exception: 
System.ArgumentException: A conexão nomeada especificada não foi localizada na configuração, não se destina à utilização com o provedor EntityClient ou não é válida.</Message>
          <StackTrace>    em System.Data.EntityClient.EntityConnection.ChangeConnectionString(String newConnectionString)
   em System.Data.EntityClient.EntityConnection..ctor(String connectionString)
   em System.Data.Objects.ObjectContext.CreateEntityConnection(String connectionString)
   em System.Data.Objects.ObjectContext..ctor(String connectionString, String defaultContainerName)
   em Model.missmfotografiaEntities..ctor() na D:\UFS\Engenharia de Software II\MissM\trunk\Codigo\Model\ModelMissMFotografia.Designer.cs:linha 53
   em Data.UnitOfWork..ctor() na D:\UFS\Engenharia de Software II\MissM\trunk\Codigo\Data\UnitOfWork.cs:linha 32
   em Service.GerenciadorProduto..ctor() na D:\UFS\Engenharia de Software II\MissM\trunk\Codigo\Service\GerenciadorProduto.cs:linha 23
   em Service.Tests.GerenciadorProdutoTest.ObterTest() na D:\UFS\Engenharia de Software II\MissM\trunk\Codigo\Services.Tests\GerenciadorProdutoTest.cs:linha 178
</StackTrace>
        </ErrorInfo>
      </Output>
    </UnitTestResult>
    <UnitTestResult executionId="15acaa5e-ee71-4ebe-866a-18745cee58d4" testId="7a1cff3c-6241-4f0f-0b7c-de72fa90cc87" testName="GerenciadorProdutoConstructorTest1" computerName="VITINHO" duration="00:00:00.0093893" startTime="2014-12-19T08:43:35.5921618-03:00" endTime="2014-12-19T08:43:35.6091732-03:00" testType="13cdc9d9-ddb5-4fa4-a97d-d965ccfc6d4b" outcome="Failed" testListId="8c84fa94-04c1-424b-9868-57a2d4851a1d" relativeResultsDirectory="15acaa5e-ee71-4ebe-866a-18745cee58d4">
      <Output>
        <ErrorInfo>
          <Message>Test method Service.Tests.GerenciadorProdutoTest.GerenciadorProdutoConstructorTest1 threw exception: 
System.ArgumentException: A conexão nomeada especificada não foi localizada na configuração, não se destina à utilização com o provedor EntityClient ou não é válida.</Message>
          <StackTrace>    em System.Data.EntityClient.EntityConnection.ChangeConnectionString(String newConnectionString)
   em System.Data.EntityClient.EntityConnection..ctor(String connectionString)
   em System.Data.Objects.ObjectContext.CreateEntityConnection(String connectionString)
   em System.Data.Objects.ObjectContext..ctor(String connectionString, String defaultContainerName)
   em Model.missmfotografiaEntities..ctor() na D:\UFS\Engenharia de Software II\MissM\trunk\Codigo\Model\ModelMissMFotografia.Designer.cs:linha 53
   em Data.UnitOfWork..ctor() na D:\UFS\Engenharia de Software II\MissM\trunk\Codigo\Data\UnitOfWork.cs:linha 32
   em Service.GerenciadorProduto..ctor() na D:\UFS\Engenharia de Software II\MissM\trunk\Codigo\Service\GerenciadorProduto.cs:linha 23
   em Service.Tests.GerenciadorProdutoTest.GerenciadorProdutoConstructorTest1() na D:\UFS\Engenharia de Software II\MissM\trunk\Codigo\Services.Tests\GerenciadorProdutoTest.cs:linha 89
</StackTrace>
        </ErrorInfo>
      </Output>
    </UnitTestResult>
    <UnitTestResult executionId="fc3440c6-cba3-446a-86bb-61d439d2da8a" testId="8c400a26-78d6-a313-ac1d-6ffd8110a49e" testName="EditarTest" computerName="VITINHO" duration="00:00:00.0101134" startTime="2014-12-19T08:43:35.6131779-03:00" endTime="2014-12-19T08:43:35.6331892-03:00" testType="13cdc9d9-ddb5-4fa4-a97d-d965ccfc6d4b" outcome="Failed" testListId="8c84fa94-04c1-424b-9868-57a2d4851a1d" relativeResultsDirectory="fc3440c6-cba3-446a-86bb-61d439d2da8a">
      <Output>
        <ErrorInfo>
          <Message>Test method Service.Tests.GerenciadorProdutoTest.EditarTest threw exception: 
System.ArgumentException: A conexão nomeada especificada não foi localizada na configuração, não se destina à utilização com o provedor EntityClient ou não é válida.</Message>
          <StackTrace>    em System.Data.EntityClient.EntityConnection.ChangeConnectionString(String newConnectionString)
   em System.Data.EntityClient.EntityConnection..ctor(String connectionString)
   em System.Data.Objects.ObjectContext.CreateEntityConnection(String connectionString)
   em System.Data.Objects.ObjectContext..ctor(String connectionString, String defaultContainerName)
   em Model.missmfotografiaEntities..ctor() na D:\UFS\Engenharia de Software II\MissM\trunk\Codigo\Model\ModelMissMFotografia.Designer.cs:linha 53
   em Data.UnitOfWork..ctor() na D:\UFS\Engenharia de Software II\MissM\trunk\Codigo\Data\UnitOfWork.cs:linha 32
   em Service.GerenciadorProduto..ctor() na D:\UFS\Engenharia de Software II\MissM\trunk\Codigo\Service\GerenciadorProduto.cs:linha 23
   em Service.Tests.GerenciadorProdutoTest.EditarTest() na D:\UFS\Engenharia de Software II\MissM\trunk\Codigo\Services.Tests\GerenciadorProdutoTest.cs:linha 113
</StackTrace>
        </ErrorInfo>
      </Output>
    </UnitTestResult>
    <UnitTestResult executionId="34914a4c-ab33-479d-a129-1b291bd31bfc" testId="94ce936f-c6a8-2a58-a405-c63927d52b05" testName="GerenciadorServicoConstructorTest" computerName="VITINHO" duration="00:00:00.0347262" startTime="2014-12-19T08:43:35.6361912-03:00" endTime="2014-12-19T08:43:35.6772258-03:00" testType="13cdc9d9-ddb5-4fa4-a97d-d965ccfc6d4b" outcome="Inconclusive" testListId="8c84fa94-04c1-424b-9868-57a2d4851a1d" relativeResultsDirectory="34914a4c-ab33-479d-a129-1b291bd31bfc">
      <Output>
        <ErrorInfo>
          <Message>Assert.Inconclusive failed. TODO: Implement code to verify target</Message>
          <StackTrace>   em Service.Tests.GerenciadorServicoTest.GerenciadorServicoConstructorTest() na D:\UFS\Engenharia de Software II\MissM\trunk\Codigo\Services.Tests\GerenciadorServicoTest.cs:linha 80
</StackTrace>
        </ErrorInfo>
      </Output>
    </UnitTestResult>
    <UnitTestResult executionId="60ee5f38-05f9-473b-a436-7a04e9200314" testId="9bd77c83-f673-c944-e672-4a6b110812a8" testName="GetQueryTest" computerName="VITINHO" duration="00:00:00.0141094" startTime="2014-12-19T08:43:35.6792194-03:00" endTime="2014-12-19T08:43:35.7012475-03:00" testType="13cdc9d9-ddb5-4fa4-a97d-d965ccfc6d4b" outcome="Failed" testListId="8c84fa94-04c1-424b-9868-57a2d4851a1d" relativeResultsDirectory="60ee5f38-05f9-473b-a436-7a04e9200314">
      <Output>
        <ErrorInfo>
          <Message>Test method Service.Tests.GerenciadorServicoTest.GetQueryTest threw exception: 
System.ArgumentException: A conexão nomeada especificada não foi localizada na configuração, não se destina à utilização com o provedor EntityClient ou não é válida.</Message>
          <StackTrace>   em Service.GerenciadorServico_Accessor..ctor()
   em Service.Tests.GerenciadorServicoTest.GetQueryTest() na D:\UFS\Engenharia de Software II\MissM\trunk\Codigo\Services.Tests\GerenciadorServicoTest.cs:linha 145
</StackTrace>
        </ErrorInfo>
      </Output>
    </UnitTestResult>
    <UnitTestResult executionId="93908edc-1e92-4d0e-89d8-4f9d825d94aa" testId="b21441f7-6dc5-cada-ca28-10cd2dc8eb87" testName="InserirTest" computerName="VITINHO" duration="00:00:00.0066485" startTime="2014-12-19T08:43:35.7032432-03:00" endTime="2014-12-19T08:43:35.7152435-03:00" testType="13cdc9d9-ddb5-4fa4-a97d-d965ccfc6d4b" outcome="Failed" testListId="8c84fa94-04c1-424b-9868-57a2d4851a1d" relativeResultsDirectory="93908edc-1e92-4d0e-89d8-4f9d825d94aa">
      <Output>
        <ErrorInfo>
          <Message>Test method Service.Tests.GerenciadorServicoTest.InserirTest threw exception: 
System.ArgumentException: A conexão nomeada especificada não foi localizada na configuração, não se destina à utilização com o provedor EntityClient ou não é válida.</Message>
          <StackTrace>    em System.Data.EntityClient.EntityConnection.ChangeConnectionString(String newConnectionString)
   em System.Data.EntityClient.EntityConnection..ctor(String connectionString)
   em System.Data.Objects.ObjectContext.CreateEntityConnection(String connectionString)
   em System.Data.Objects.ObjectContext..ctor(String connectionString, String defaultContainerName)
   em Model.missmfotografiaEntities..ctor() na D:\UFS\Engenharia de Software II\MissM\trunk\Codigo\Model\ModelMissMFotografia.Designer.cs:linha 53
   em Data.UnitOfWork..ctor() na D:\UFS\Engenharia de Software II\MissM\trunk\Codigo\Data\UnitOfWork.cs:linha 32
   em Service.GerenciadorServico..ctor() na D:\UFS\Engenharia de Software II\MissM\trunk\Codigo\Service\GerenciadorServico.cs:linha 22
   em Service.Tests.GerenciadorServicoTest.InserirTest() na D:\UFS\Engenharia de Software II\MissM\trunk\Codigo\Services.Tests\GerenciadorServicoTest.cs:linha 159
</StackTrace>
        </ErrorInfo>
      </Output>
    </UnitTestResult>
    <UnitTestResult executionId="c655aede-9d53-47f1-a900-a4c7ea4b3918" testId="b38a60a2-19c3-6bf0-2921-9bfbb4141b3c" testName="InserirTest" computerName="VITINHO" duration="00:00:00.0067142" startTime="2014-12-19T08:43:35.7182460-03:00" endTime="2014-12-19T08:43:35.7302622-03:00" testType="13cdc9d9-ddb5-4fa4-a97d-d965ccfc6d4b" outcome="Failed" testListId="8c84fa94-04c1-424b-9868-57a2d4851a1d" relativeResultsDirectory="c655aede-9d53-47f1-a900-a4c7ea4b3918">
      <Output>
        <ErrorInfo>
          <Message>Test method Service.Tests.GerenciadorProdutoTest.InserirTest threw exception: 
System.ArgumentException: A conexão nomeada especificada não foi localizada na configuração, não se destina à utilização com o provedor EntityClient ou não é válida.</Message>
          <StackTrace>    em System.Data.EntityClient.EntityConnection.ChangeConnectionString(String newConnectionString)
   em System.Data.EntityClient.EntityConnection..ctor(String connectionString)
   em System.Data.Objects.ObjectContext.CreateEntityConnection(String connectionString)
   em System.Data.Objects.ObjectContext..ctor(String connectionString, String defaultContainerName)
   em Model.missmfotografiaEntities..ctor() na D:\UFS\Engenharia de Software II\MissM\trunk\Codigo\Model\ModelMissMFotografia.Designer.cs:linha 53
   em Data.UnitOfWork..ctor() na D:\UFS\Engenharia de Software II\MissM\trunk\Codigo\Data\UnitOfWork.cs:linha 32
   em Service.GerenciadorProduto..ctor() na D:\UFS\Engenharia de Software II\MissM\trunk\Codigo\Service\GerenciadorProduto.cs:linha 23
   em Service.Tests.GerenciadorProdutoTest.InserirTest() na D:\UFS\Engenharia de Software II\MissM\trunk\Codigo\Services.Tests\GerenciadorProdutoTest.cs:linha 159
</StackTrace>
        </ErrorInfo>
      </Output>
    </UnitTestResult>
    <UnitTestResult executionId="6690258a-d32d-4b46-a1e5-d42f73a3d9cd" testId="bab09768-4886-305d-3ed3-45c54daee332" testName="GerenciadorProdutoConstructorTest" computerName="VITINHO" duration="00:00:00.0037091" startTime="2014-12-19T08:43:35.7322554-03:00" endTime="2014-12-19T08:43:35.7442783-03:00" testType="13cdc9d9-ddb5-4fa4-a97d-d965ccfc6d4b" outcome="Inconclusive" testListId="8c84fa94-04c1-424b-9868-57a2d4851a1d" relativeResultsDirectory="6690258a-d32d-4b46-a1e5-d42f73a3d9cd">
      <Output>
        <ErrorInfo>
          <Message>Assert.Inconclusive failed. TODO: Implement code to verify target</Message>
          <StackTrace>   em Service.Tests.GerenciadorProdutoTest.GerenciadorProdutoConstructorTest() na D:\UFS\Engenharia de Software II\MissM\trunk\Codigo\Services.Tests\GerenciadorProdutoTest.cs:linha 80
</StackTrace>
        </ErrorInfo>
      </Output>
    </UnitTestResult>
    <UnitTestResult executionId="aaf659a9-f369-4f33-9691-081f2df87102" testId="c1657d03-d2ed-cd66-fadb-dad2bf17dc0a" testName="ObterPorNomeTest" computerName="VITINHO" duration="00:00:00.0120521" startTime="2014-12-19T08:43:35.7462642-03:00" endTime="2014-12-19T08:43:35.7652779-03:00" testType="13cdc9d9-ddb5-4fa4-a97d-d965ccfc6d4b" outcome="Failed" testListId="8c84fa94-04c1-424b-9868-57a2d4851a1d" relativeResultsDirectory="aaf659a9-f369-4f33-9691-081f2df87102">
      <Output>
        <ErrorInfo>
          <Message>Test method Service.Tests.GerenciadorServicoTest.ObterPorNomeTest threw exception: 
System.ArgumentException: A conexão nomeada especificada não foi localizada na configuração, não se destina à utilização com o provedor EntityClient ou não é válida.</Message>
          <StackTrace>    em System.Data.EntityClient.EntityConnection.ChangeConnectionString(String newConnectionString)
   em System.Data.EntityClient.EntityConnection..ctor(String connectionString)
   em System.Data.Objects.ObjectContext.CreateEntityConnection(String connectionString)
   em System.Data.Objects.ObjectContext..ctor(String connectionString, String defaultContainerName)
   em Model.missmfotografiaEntities..ctor() na D:\UFS\Engenharia de Software II\MissM\trunk\Codigo\Model\ModelMissMFotografia.Designer.cs:linha 53
   em Data.UnitOfWork..ctor() na D:\UFS\Engenharia de Software II\MissM\trunk\Codigo\Data\UnitOfWork.cs:linha 32
   em Service.GerenciadorServico..ctor() na D:\UFS\Engenharia de Software II\MissM\trunk\Codigo\Service\GerenciadorServico.cs:linha 22
   em Service.Tests.GerenciadorServicoTest.ObterPorNomeTest() na D:\UFS\Engenharia de Software II\MissM\trunk\Codigo\Services.Tests\GerenciadorServicoTest.cs:linha 193
</StackTrace>
        </ErrorInfo>
      </Output>
    </UnitTestResult>
    <UnitTestResult executionId="55c50024-bde6-4fc1-a005-ab65344f79ac" testId="cc938468-38ce-a080-97b4-cd6adeb2b0a8" testName="Index" computerName="VITINHO" duration="00:00:00.3227036" startTime="2014-12-19T08:43:35.7692806-03:00" endTime="2014-12-19T08:43:36.1045039-03:00" testType="13cdc9d9-ddb5-4fa4-a97d-d965ccfc6d4b" outcome="Failed" testListId="8c84fa94-04c1-424b-9868-57a2d4851a1d" relativeResultsDirectory="55c50024-bde6-4fc1-a005-ab65344f79ac">
      <Output>
        <ErrorInfo>
          <Message>Test method ViewController.Tests.Controllers.HomeControllerTest.Index threw exception: 
System.NullReferenceException: Referência de objeto não definida para uma instância de um objeto.</Message>
          <StackTrace>    em ViewController.Tests.Controllers.HomeControllerTest.Index() na D:\UFS\Engenharia de Software II\MissM\trunk\Codigo\ViewController.Tests\Controllers\HomeControllerTest.cs:linha 25
</StackTrace>
        </ErrorInfo>
      </Output>
    </UnitTestResult>
    <UnitTestResult executionId="fe90f37d-7d65-47a1-8fc9-de976354af03" testId="d5e92530-d3c6-3c20-47a0-d966671a14f1" testName="GetQueryTest" computerName="VITINHO" duration="00:00:00.0124046" startTime="2014-12-19T08:43:36.1065088-03:00" endTime="2014-12-19T08:43:36.1255328-03:00" testType="13cdc9d9-ddb5-4fa4-a97d-d965ccfc6d4b" outcome="Failed" testListId="8c84fa94-04c1-424b-9868-57a2d4851a1d" relativeResultsDirectory="fe90f37d-7d65-47a1-8fc9-de976354af03">
      <Output>
        <ErrorInfo>
          <Message>Test method Service.Tests.GerenciadorProdutoTest.GetQueryTest threw exception: 
System.ArgumentException: A conexão nomeada especificada não foi localizada na configuração, não se destina à utilização com o provedor EntityClient ou não é válida.</Message>
          <StackTrace>   em Service.GerenciadorProduto_Accessor..ctor()
   em Service.Tests.GerenciadorProdutoTest.GetQueryTest() na D:\UFS\Engenharia de Software II\MissM\trunk\Codigo\Services.Tests\GerenciadorProdutoTest.cs:linha 145
</StackTrace>
        </ErrorInfo>
      </Output>
    </UnitTestResult>
  </Results>
</TestRun>